> Task :app:preBuild UP-TO-DATE
> Task :app:preDebugBuild UP-TO-DATE
> Task :app:mergeDebugNativeDebugMetadata NO-SOURCE
> Task :app:checkKotlinGradlePluginConfigurationErrors SKIPPED
> Task :app:checkDebugAarMetadata UP-TO-DATE
> Task :app:processDebugNavigationResources UP-TO-DATE
> Task :app:compileDebugNavigationResources UP-TO-DATE
> Task :app:generateDebugResValues UP-TO-DATE
> Task :app:mapDebugSourceSetPaths UP-TO-DATE
> Task :app:generateDebugResources UP-TO-DATE
> Task :app:mergeDebugResources UP-TO-DATE
> Task :app:packageDebugResources UP-TO-DATE
> Task :app:parseDebugLocalResources UP-TO-DATE
> Task :app:createDebugCompatibleScreenManifests UP-TO-DATE
> Task :app:extractDeepLinksDebug UP-TO-DATE
> Task :app:processDebugMainManifest UP-TO-DATE
> Task :app:processDebugManifest UP-TO-DATE
> Task :app:processDebugManifestForPackage UP-TO-DATE
> Task :app:processDebugResources UP-TO-DATE
> Task :app:javaPreCompileDebug UP-TO-DATE
> Task :app:mergeDebugShaders UP-TO-DATE
> Task :app:compileDebugShaders NO-SOURCE
> Task :app:generateDebugAssets UP-TO-DATE
> Task :app:mergeDebugAssets UP-TO-DATE
> Task :app:compressDebugAssets UP-TO-DATE
> Task :app:checkDebugDuplicateClasses UP-TO-DATE
> Task :app:desugarDebugFileDependencies UP-TO-DATE
> Task :app:mergeExtDexDebug UP-TO-DATE
> Task :app:mergeLibDexDebug UP-TO-DATE
> Task :app:mergeDebugJniLibFolders UP-TO-DATE
> Task :app:mergeDebugNativeLibs UP-TO-DATE
> Task :app:stripDebugDebugSymbols UP-TO-DATE
> Task :app:validateSigningDebug UP-TO-DATE
> Task :app:writeDebugAppMetadata UP-TO-DATE
> Task :app:writeDebugSigningConfigVersions UP-TO-DATE

> Task :app:compileDebugKotlin
./gradlew : e: file:///C:/Users/ashin/AndroidStudioProjects/Circle
ToSearch/app/src/main/java/com/akslabs/circletosearch/AssistServic
e.kt:27:9 'onHandleAssist' overrides nothing.
At line:1 char:1
+ ./gradlew assembleDebug > build_errors.txt 2>&1; Get-Content 
build_er ...
+ ~~~~~~~~~~~~~~~~~~~~~~~~~~~~~~~~~~~~~~~~~~~~~~~
    + CategoryInfo          : NotSpecified: (e: file:///C:/U...rr 
   ides nothing.:String) [], RemoteException
    + FullyQualifiedErrorId : NativeCommandError
 
e: file:///C:/Users/ashin/AndroidStudioProjects/CircleToSearch/app
/src/main/java/com/akslabs/circletosearch/AssistService.kt:27:43 
Unresolved reference 'AssistContent'.
e: file:///C:/Users/ashin/AndroidStudioProjects/CircleToSearch/app
/src/main/java/com/akslabs/circletosearch/AssistService.kt:47:82 
Unresolved reference 'CONTENT_CAPTURE_SERVICE'.
e: file:///C:/Users/ashin/AndroidStudioProjects/CircleToSearch/app
/src/main/java/com/akslabs/circletosearch/AssistService.kt:52:52 
Null cannot be a value of a non-null type 
'android.graphics.Bitmap'.
e: file:///C:/Users/ashin/AndroidStudioProjects/CircleToSearch/app
/src/main/java/com/akslabs/circletosearch/AssistService.kt:57:52 
Null cannot be a value of a non-null type 
'android.graphics.Bitmap'.
e: file:///C:/Users/ashin/AndroidStudioProjects/CircleToSearch/app
/src/main/java/com/akslabs/circletosearch/AssistService.kt:64:48 
Null cannot be a value of a non-null type 
'android.graphics.Bitmap'.

> Task :app:compileDebugKotlin FAILED

FAILURE: Build failed with an exception.

* What went wrong:
Execution failed for task ':app:compileDebugKotlin'.
> A failure occurred while executing org.jetbrains.kotlin.compiler
Runner.GradleCompilerRunnerWithWorkers$GradleKotlinCompilerWorkAct
ion
   > Compilation error. See log for more details

* Try:
> Run with --stacktrace option to get the stack trace.
> Run with --info or --debug option to get more log output.
> Run with --scan to get full insights.
> Get more help at https://help.gradle.org.

30 actionable tasks: 1 executed, 29 up-to-date
BUILD FAILED in 18s
