
> Configure project :app
WARNING: BuildType 'debug' is both debuggable and has 'isMinifyEnabled' set to true.
All code optimizations and obfuscation are disabled for debuggable builds.

> Task :app:checkKotlinGradlePluginConfigurationErrors SKIPPED
> Task :app:preBuild UP-TO-DATE
> Task :app:preDebugBuild UP-TO-DATE
> Task :app:checkDebugAarMetadata UP-TO-DATE
> Task :app:processDebugNavigationResources UP-TO-DATE
> Task :app:compileDebugNavigationResources UP-TO-DATE
> Task :app:generateDebugResValues UP-TO-DATE
> Task :app:mapDebugSourceSetPaths UP-TO-DATE
> Task :app:generateDebugResources UP-TO-DATE
> Task :app:mergeDebugResources UP-TO-DATE
> Task :app:packageDebugResources UP-TO-DATE
> Task :app:parseDebugLocalResources UP-TO-DATE
> Task :app:createDebugCompatibleScreenManifests UP-TO-DATE
> Task :app:extractDeepLinksDebug UP-TO-DATE
> Task :app:processDebugMainManifest UP-TO-DATE
> Task :app:processDebugManifest UP-TO-DATE
> Task :app:processDebugManifestForPackage UP-TO-DATE
> Task :app:processDebugResources UP-TO-DATE
> Task :app:compileDebugKotlin
./gradlew.bat : e: file:///C:/Users/ashin/Androi
dStudioProjects/CircleToSearch/app/src/main/java
/com/akslabs/circletosearch/ui/CircleToSearchScr
een.kt:257:60 Unresolved reference 
'SmartEntity'.
At line:1 char:1
+ ./gradlew.bat :app:compileDebugKotlin > 
build_output.txt 2>&1
+ ~~~~~~~~~~~~~~~~~~~~~~~~~~~~~~~~~~~~~~~~~~~~~~
~~~~~~~~~~~~~~~
    + CategoryInfo          : NotSpecified: (e: 
    file:///C:/U... 'SmartEntity'.:String) [],  
   RemoteException
    + FullyQualifiedErrorId : NativeCommandErro 
   r
 
e: file:///C:/Users/ashin/AndroidStudioProjects/
CircleToSearch/app/src/main/java/com/akslabs/cir
cletosearch/ui/CircleToSearchScreen.kt:257:74 
Cannot infer type for this parameter. Please 
specify it explicitly.
e: file:///C:/Users/ashin/AndroidStudioProjects/
CircleToSearch/app/src/main/java/com/akslabs/cir
cletosearch/ui/CircleToSearchScreen.kt:257:74 
Argument type mismatch: actual type is 
'kotlin.collections.List<T>', but 
'kotlin.collections.List<ERROR CLASS: Symbol 
not found for SmartEntity>' was expected.
e: file:///C:/Users/ashin/AndroidStudioProjects/
CircleToSearch/app/src/main/java/com/akslabs/cir
cletosearch/ui/CircleToSearchScreen.kt:737:33 
Unresolved reference 
'ContainedLoadingIndicatorSample'.
e: file:///C:/Users/ashin/AndroidStudioProjects/
CircleToSearch/app/src/main/java/com/akslabs/cir
cletosearch/ui/CircleToSearchScreen.kt:1528:49 
'fun Modifier.align(alignment: Alignment): 
Modifier' cannot be called in this context with 
an implicit receiver. Use an explicit receiver 
if necessary.
e: file:///C:/Users/ashin/AndroidStudioProjects/
CircleToSearch/app/src/main/java/com/akslabs/cir
cletosearch/ui/CircleToSearchScreen.kt:1589:70 
Unresolved reference 'SmartEntity'.
e: file:///C:/Users/ashin/AndroidStudioProjects/
CircleToSearch/app/src/main/java/com/akslabs/cir
cletosearch/ui/CircleToSearchScreen.kt:1610:57 
Argument type mismatch: actual type is 
'kotlin.Int', but 'kotlin.Float' was expected.
e: file:///C:/Users/ashin/AndroidStudioProjects/
CircleToSearch/app/src/main/java/com/akslabs/cir
cletosearch/ui/CircleToSearchScreen.kt:1612:57 
Argument type mismatch: actual type is 
'kotlin.Int', but 'kotlin.Float' was expected.
e: file:///C:/Users/ashin/AndroidStudioProjects/
CircleToSearch/app/src/main/java/com/akslabs/cir
cletosearch/ui/CircleToSearchScreen.kt:1614:66 
Unresolved reference 'SmartEntity'.
e: file:///C:/Users/ashin/AndroidStudioProjects/
CircleToSearch/app/src/main/java/com/akslabs/cir
cletosearch/ui/CircleToSearchScreen.kt:1621:66 
Unresolved reference 'SmartEntity'.
e: file:///C:/Users/ashin/AndroidStudioProjects/
CircleToSearch/app/src/main/java/com/akslabs/cir
cletosearch/ui/CircleToSearchScreen.kt:1623:66 
Unresolved reference 'SmartEntity'.
e: file:///C:/Users/ashin/AndroidStudioProjects/
CircleToSearch/app/src/main/java/com/akslabs/cir
cletosearch/ui/CircleToSearchScreen.kt:1625:66 
Unresolved reference 'SmartEntity'.
e: file:///C:/Users/ashin/AndroidStudioProjects/
CircleToSearch/app/src/main/java/com/akslabs/cir
cletosearch/ui/CircleToSearchScreen.kt:1899:44 
Unresolved reference 'SmartEntity'.
e: file:///C:/Users/ashin/AndroidStudioProjects/
CircleToSearch/app/src/main/java/com/akslabs/cir
cletosearch/ui/CircleToSearchScreen.kt:1900:41 
Unresolved reference 'bounds'.
e: file:///C:/Users/ashin/AndroidStudioProjects/
CircleToSearch/app/src/main/java/com/akslabs/cir
cletosearch/ui/CircleToSearchScreen.kt:1900:73 
None of the following candidates is applicable:
fun BigDecimal.times(other: BigDecimal): 
BigDecimal
fun BigInteger.times(other: BigInteger): 
BigInteger
e: file:///C:/Users/ashin/AndroidStudioProjects/
CircleToSearch/app/src/main/java/com/akslabs/cir
cletosearch/ui/CircleToSearchScreen.kt:1901:41 
Unresolved reference 'bounds'.
e: file:///C:/Users/ashin/AndroidStudioProjects/
CircleToSearch/app/src/main/java/com/akslabs/cir
cletosearch/ui/CircleToSearchScreen.kt:1901:74 
None of the following candidates is applicable:
fun BigDecimal.times(other: BigDecimal): 
BigDecimal
fun BigInteger.times(other: BigInteger): 
BigInteger
e: file:///C:/Users/ashin/AndroidStudioProjects/
CircleToSearch/app/src/main/java/com/akslabs/cir
cletosearch/ui/CircleToSearchScreen.kt:1904:21 
@Composable invocations can only happen from 
the context of a @Composable function
e: file:///C:/Users/ashin/AndroidStudioProjects/
CircleToSearch/app/src/main/java/com/akslabs/cir
cletosearch/ui/CircleToSearchScreen.kt:1906:47 
Overload resolution ambiguity between 
candidates:
val Int.dp: Dp
val Double.dp: Dp
val Float.dp: Dp
e: file:///C:/Users/ashin/AndroidStudioProjects/
CircleToSearch/app/src/main/java/com/akslabs/cir
cletosearch/ui/CircleToSearchScreen.kt:1906:50 
Overload resolution ambiguity between 
candidates:
fun <T> Iterable<T>.minus(element: T): List<T>
fun <K, V> Map<out K, V>.minus(key: K): Map<K, 
V>
fun <T> Set<T>.minus(element: T): Set<T>
fun <T> Sequence<T>.minus(element: T): 
Sequence<T>
e: file:///C:/Users/ashin/AndroidStudioProjects/
CircleToSearch/app/src/main/java/com/akslabs/cir
cletosearch/ui/CircleToSearchScreen.kt:1906:69 
Overload resolution ambiguity between 
candidates:
val Int.dp: Dp
val Double.dp: Dp
val Float.dp: Dp
e: file:///C:/Users/ashin/AndroidStudioProjects/
CircleToSearch/app/src/main/java/com/akslabs/cir
cletosearch/ui/CircleToSearchScreen.kt:1906:72 
Overload resolution ambiguity between 
candidates:
fun <T> Iterable<T>.minus(element: T): List<T>
fun <K, V> Map<out K, V>.minus(key: K): Map<K, 
V>
fun <T> Set<T>.minus(element: T): Set<T>
fun <T> Sequence<T>.minus(element: T): 
Sequence<T>
e: file:///C:/Users/ashin/AndroidStudioProjects/
CircleToSearch/app/src/main/java/com/akslabs/cir
cletosearch/ui/CircleToSearchScreen.kt:1910:52 
Unresolved reference 'sourceColor'.
e: file:///C:/Users/ashin/AndroidStudioProjects/
CircleToSearch/app/src/main/java/com/akslabs/cir
cletosearch/ui/CircleToSearchScreen.kt:1915:93 
Unresolved reference 'typeName'.
e: file:///C:/Users/ashin/AndroidStudioProjects/
CircleToSearch/app/src/main/java/com/akslabs/cir
cletosearch/ui/CircleToSearchScreen.kt:1915:110 
Unresolved reference 'text'.
e: file:///C:/Users/ashin/AndroidStudioProjects/
CircleToSearch/app/src/main/java/com/akslabs/cir
cletosearch/ui/CircleToSearchScreen.kt:1918:50 
'when' expression must be exhaustive. Add an 
'else' branch.
e: file:///C:/Users/ashin/AndroidStudioProjects/
CircleToSearch/app/src/main/java/com/akslabs/cir
cletosearch/ui/CircleToSearchScreen.kt:1919:44 
Unresolved reference 'SmartEntity'.
e: file:///C:/Users/ashin/AndroidStudioProjects/
CircleToSearch/app/src/main/java/com/akslabs/cir
cletosearch/ui/CircleToSearchScreen.kt:1919:148 
Unresolved reference 'not' for operator '!'.
e: file:///C:/Users/ashin/AndroidStudioProjects/
CircleToSearch/app/src/main/java/com/akslabs/cir
cletosearch/ui/CircleToSearchScreen.kt:1919:156 
Unresolved reference 'text'.
e: file:///C:/Users/ashin/AndroidStudioProjects/
CircleToSearch/app/src/main/java/com/akslabs/cir
cletosearch/ui/CircleToSearchScreen.kt:1919:198 
Unresolved reference 'text'.
e: file:///C:/Users/ashin/AndroidStudioProjects/
CircleToSearch/app/src/main/java/com/akslabs/cir
cletosearch/ui/CircleToSearchScreen.kt:1919:217 
Unresolved reference 'text'.
e: file:///C:/Users/ashin/AndroidStudioProjects/
CircleToSearch/app/src/main/java/com/akslabs/cir
cletosearch/ui/CircleToSearchScreen.kt:1920:44 
Unresolved reference 'SmartEntity'.
e: file:///C:/Users/ashin/AndroidStudioProjects/
CircleToSearch/app/src/main/java/com/akslabs/cir
cletosearch/ui/CircleToSearchScreen.kt:1920:165 
Unresolved reference 'text'.
e: file:///C:/Users/ashin/AndroidStudioProjects/
CircleToSearch/app/src/main/java/com/akslabs/cir
cletosearch/ui/CircleToSearchScreen.kt:1921:44 
Unresolved reference 'SmartEntity'.
e: file:///C:/Users/ashin/AndroidStudioProjects/
CircleToSearch/app/src/main/java/com/akslabs/cir
cletosearch/ui/CircleToSearchScreen.kt:1921:160 
Unresolved reference 'text'.
e: file:///C:/Users/ashin/AndroidStudioProjects/
CircleToSearch/app/src/main/java/com/akslabs/cir
cletosearch/ui/CircleToSearchScreen.kt:1922:44 
Unresolved reference 'SmartEntity'.
e: file:///C:/Users/ashin/AndroidStudioProjects/
CircleToSearch/app/src/main/java/com/akslabs/cir
cletosearch/ui/CircleToSearchScreen.kt:1922:167 
Unresolved reference 'text'.
e: file:///C:/Users/ashin/AndroidStudioProjects/
CircleToSearch/app/src/main/java/com/akslabs/cir
cletosearch/ui/CircleToSearchScreen.kt:1931:37 
Unresolved reference 'icon'.
e: file:///C:/Users/ashin/AndroidStudioProjects/
CircleToSearch/app/src/main/java/com/akslabs/cir
cletosearch/ui/CircleToSearchScreen.kt:1931:63 
Unresolved reference 'sourceColor'.
e: file:///C:/Users/ashin/AndroidStudioProjects/
CircleToSearch/app/src/main/java/com/akslabs/cir
cletosearch/ui/CircleToSearchScreen.kt:1935:21 
@Composable invocations can only happen from 
the context of a @Composable function
e: file:///C:/Users/ashin/AndroidStudioProjects/
CircleToSearch/app/src/main/java/com/akslabs/cir
cletosearch/ui/CircleToSearchScreen.kt:1937:41 
Argument type mismatch: actual type is 
'kotlin.String', but 
'androidx.compose.ui.unit.Dp' was expected.
e: file:///C:/Users/ashin/AndroidStudioProjects/
CircleToSearch/app/src/main/java/com/akslabs/cir
cletosearch/ui/CircleToSearchScreen.kt:1937:47 
Overload resolution ambiguity between 
candidates:
val Int.dp: Dp
val Double.dp: Dp
val Float.dp: Dp
e: file:///C:/Users/ashin/AndroidStudioProjects/
CircleToSearch/app/src/main/java/com/akslabs/cir
cletosearch/ui/CircleToSearchScreen.kt:1937:69 
Overload resolution ambiguity between 
candidates:
val Int.dp: Dp
val Double.dp: Dp
val Float.dp: Dp
e: file:///C:/Users/ashin/AndroidStudioProjects/
CircleToSearch/app/src/main/java/com/akslabs/cir
cletosearch/ui/CircleToSearchScreen.kt:1937:72 
Overload resolution ambiguity between 
candidates:
fun <T> Iterable<T>.minus(element: T): List<T>
fun <K, V> Map<out K, V>.minus(key: K): Map<K, 
V>
fun <T> Set<T>.minus(element: T): Set<T>
fun <T> Sequence<T>.minus(element: T): 
Sequence<T>
e: file:///C:/Users/ashin/AndroidStudioProjects/
CircleToSearch/app/src/main/java/com/akslabs/cir
cletosearch/ui/CircleToSearchScreen.kt:1942:93 
Unresolved reference 'typeName'.
e: file:///C:/Users/ashin/AndroidStudioProjects/
CircleToSearch/app/src/main/java/com/akslabs/cir
cletosearch/ui/CircleToSearchScreen.kt:1942:110 
Unresolved reference 'text'.
e: file:///C:/Users/ashin/AndroidStudioProjects/
CircleToSearch/app/src/main/java/com/akslabs/cir
cletosearch/ui/CircleToSearchScreen.kt:1945:50 
'when' expression must be exhaustive. Add an 
'else' branch.
e: file:///C:/Users/ashin/AndroidStudioProjects/
CircleToSearch/app/src/main/java/com/akslabs/cir
cletosearch/ui/CircleToSearchScreen.kt:1946:44 
Unresolved reference 'SmartEntity'.
e: file:///C:/Users/ashin/AndroidStudioProjects/
CircleToSearch/app/src/main/java/com/akslabs/cir
cletosearch/ui/CircleToSearchScreen.kt:1946:148 
Unresolved reference 'not' for operator '!'.
e: file:///C:/Users/ashin/AndroidStudioProjects/
CircleToSearch/app/src/main/java/com/akslabs/cir
cletosearch/ui/CircleToSearchScreen.kt:1946:156 
Unresolved reference 'text'.
e: file:///C:/Users/ashin/AndroidStudioProjects/
CircleToSearch/app/src/main/java/com/akslabs/cir
cletosearch/ui/CircleToSearchScreen.kt:1946:198 
Unresolved reference 'text'.
e: file:///C:/Users/ashin/AndroidStudioProjects/
CircleToSearch/app/src/main/java/com/akslabs/cir
cletosearch/ui/CircleToSearchScreen.kt:1946:217 
Unresolved reference 'text'.
e: file:///C:/Users/ashin/AndroidStudioProjects/
CircleToSearch/app/src/main/java/com/akslabs/cir
cletosearch/ui/CircleToSearchScreen.kt:1947:44 
Unresolved reference 'SmartEntity'.
e: file:///C:/Users/ashin/AndroidStudioProjects/
CircleToSearch/app/src/main/java/com/akslabs/cir
cletosearch/ui/CircleToSearchScreen.kt:1947:165 
Unresolved reference 'text'.
e: file:///C:/Users/ashin/AndroidStudioProjects/
CircleToSearch/app/src/main/java/com/akslabs/cir
cletosearch/ui/CircleToSearchScreen.kt:1948:44 
Unresolved reference 'SmartEntity'.
e: file:///C:/Users/ashin/AndroidStudioProjects/
CircleToSearch/app/src/main/java/com/akslabs/cir
cletosearch/ui/CircleToSearchScreen.kt:1948:160 
Unresolved reference 'text'.
e: file:///C:/Users/ashin/AndroidStudioProjects/
CircleToSearch/app/src/main/java/com/akslabs/cir
cletosearch/ui/CircleToSearchScreen.kt:1949:44 
Unresolved reference 'SmartEntity'.
e: file:///C:/Users/ashin/AndroidStudioProjects/
CircleToSearch/app/src/main/java/com/akslabs/cir
cletosearch/ui/CircleToSearchScreen.kt:1949:167 
Unresolved reference 'text'.
e: file:///C:/Users/ashin/AndroidStudioProjects/
CircleToSearch/app/src/main/java/com/akslabs/cir
cletosearch/ui/CircleToSearchScreen.kt:1960:88 
Unresolved reference 'sourceColor'.
e: file:///C:/Users/ashin/AndroidStudioProjects/
CircleToSearch/app/src/main/java/com/akslabs/cir
cletosearch/ui/CircleToSearchScreen.kt:1963:43 
Unresolved reference 'text'.
e: file:///C:/Users/ashin/AndroidStudioProjects/
CircleToSearch/app/src/main/java/com/akslabs/cir
cletosearch/ui/CircleToSearchScreen.kt:1965:48 
Unresolved reference 'sourceColor'.
e: file:///C:/Users/ashin/AndroidStudioProjects/
CircleToSearch/app/src/main/java/com/akslabs/cir
cletosearch/ui/CircleToSearchScreen.kt:1997:22 
'fun Modifier.align(alignment: Alignment): 
Modifier' cannot be called in this context with 
an implicit receiver. Use an explicit receiver 
if necessary.
e: file:///C:/Users/ashin/AndroidStudioProjects/
CircleToSearch/app/src/main/java/com/akslabs/cir
cletosearch/ui/CircleToSearchScreen.kt:2049:1 
Modifier 'sealed' is not applicable to 'local 
class'.
e: file:///C:/Users/ashin/AndroidStudioProjects/
CircleToSearch/app/src/main/java/com/akslabs/cir
cletosearch/ui/CircleToSearchScreen.kt:2050:5 
'Class' is prohibited here.
e: file:///C:/Users/ashin/AndroidStudioProjects/
CircleToSearch/app/src/main/java/com/akslabs/cir
cletosearch/ui/CircleToSearchScreen.kt:2051:5 
'Class' is prohibited here.
e: file:///C:/Users/ashin/AndroidStudioProjects/
CircleToSearch/app/src/main/java/com/akslabs/cir
cletosearch/ui/CircleToSearchScreen.kt:2052:5 
'Class' is prohibited here.
e: file:///C:/Users/ashin/AndroidStudioProjects/
CircleToSearch/app/src/main/java/com/akslabs/cir
cletosearch/ui/CircleToSearchScreen.kt:2053:5 
'Class' is prohibited here.
e: file:///C:/Users/ashin/AndroidStudioProjects/
CircleToSearch/app/src/main/java/com/akslabs/cir
cletosearch/ui/CircleToSearchScreen.kt:2063:2 
Syntax error: Expecting '}'.

> Task :app:compileDebugKotlin FAILED

FAILURE: Build failed with an exception.

* What went wrong:
Execution failed for task 
':app:compileDebugKotlin'.
> A failure occurred while executing org.jetbrai
ns.kotlin.compilerRunner.GradleCompilerRunnerWit
hWorkers$GradleKotlinCompilerWorkAction
   > Compilation error. See log for more details

* Try:
16 actionable tasks: 1 executed, 15 up-to-date
> Run with --stacktrace option to get the stack 
trace.
> Run with --info or --debug option to get more 
log output.
> Run with --scan to get full insights.
> Get more help at https://help.gradle.org.

BUILD FAILED in 1m 31s
